// Jest Snapshot v1, https://jestjs.io/docs/snapshot-testing

exports[`SimpleCaptchaWidget matches snapshot (default) 1`] = `
<div>
  <form>
    <div
      class="space-y-2"
    >
      <div
        class="flex justify-center p-8 rounded theme-universal:bg-input-bg theme-universal:border theme-universal:border-input-border theme-universal:rounded-input"
      >
        <img
          alt="CAPTCHA challenge"
          class="object-contain"
          src="https://example.com/captcha.png"
        />
      </div>
      <div
        class="grid"
        data-slot="form-item"
      >
        <div
          class="w-full"
        >
          <div>
            <div
              class="bg-input aria-invalid:ring-destructive/20 dark:aria-invalid:ring-destructive/40 aria-invalid:border-destructive theme-default:active:scale-[0.99] box-border inline-flex w-full shrink-0 cursor-text justify-center text-sm transition-[color,box-shadow] duration-150 ease-in-out outline-none disabled:pointer-events-none disabled:opacity-50 [&_svg]:pointer-events-none [&_svg]:shrink-0 [&_svg:not([class*='size-'])]:size-4 text-input-foreground shadow-input-resting hover:shadow-input-hover focus-within:ring-ring focus-within:ring-4 h-14 rounded-2xl group relative items-end gap-0.5 mb-2 theme-universal:bg-input-bg theme-universal:text-input-text theme-universal:border-(length:--ul-theme-border-input-border-weight) theme-universal:border-input-border theme-universal:rounded-input theme-universal:text-(length:--ul-theme-font-body-text-size) theme-universal:font-body-text theme-universal:placeholder:text-input-labels theme-universal:[&_input]:placeholder:text-input-labels theme-universal:placeholder:text-(length:--ul-theme-font-input-labels-size) theme-universal:[&_input]:placeholder:text-(length:--ul-theme-font-input-labels-size) theme-universal:placeholder:font-input-label theme-universal:[&_input]:placeholder:font-input-label theme-universal:[&_label]:bg-input-bg theme-universal:[&_label]:text-input-labels theme-universal:[&_label]:text-(length:--ul-theme-font-input-labels-size) theme-universal:[&_label]:font-input-label theme-universal:focus-within:border-base-focus theme-universal:focus-within:ring-0 theme-universal:focus-within:[&_label]:text-base-focus"
            >
              <label
                class="pointer-events-none absolute top-1/2 left-4 z-[10] -translate-y-1/2 text-sm transition-all duration-150 ease-in-out origin-left text-muted-foreground"
                for="_r_c_-form-item"
                id="base-ui-_r_d_"
              >
                Enter CAPTCHA
              </label>
              <div
                class="relative flex-1"
              >
                <input
                  aria-labelledby="base-ui-_r_d_"
                  autocomplete="off"
                  class="h-14 w-full flex-1 rounded-2xl bg-transparent px-3 py-4 outline-none file:border-0 file:bg-transparent file:text-sm file:font-medium autofill:bg-transparent autofill:[-webkit-text-fill-color:inherit] autofill:[transition:background-color_9999s_ease-in-out_0s] pl-3 pr-3"
                  id="_r_c_-form-item"
                  name="captcha"
                  type="text"
                />
              </div>
            </div>
          </div>
        </div>
      </div>
    </div>
  </form>
</div>
`;

exports[`SimpleCaptchaWidget matches snapshot (with error) 1`] = `
<div>
  <form>
    <div
      class="space-y-2"
    >
      <div
        class="flex justify-center p-8 rounded theme-universal:bg-input-bg theme-universal:border theme-universal:border-input-border theme-universal:rounded-input"
      >
        <img
          alt="CAPTCHA challenge"
          class="object-contain"
          src="https://example.com/captcha.png"
        />
      </div>
      <div
        class="grid"
        data-slot="form-item"
      >
        <div
          class="w-full"
        >
          <div>
            <div
              class="bg-input aria-invalid:ring-destructive/20 dark:aria-invalid:ring-destructive/40 aria-invalid:border-destructive theme-default:active:scale-[0.99] box-border inline-flex w-full shrink-0 cursor-text justify-center text-sm transition-[color,box-shadow] duration-150 ease-in-out outline-none disabled:pointer-events-none disabled:opacity-50 [&_svg]:pointer-events-none [&_svg]:shrink-0 [&_svg:not([class*='size-'])]:size-4 text-destructive-foreground shadow-input-destructive-resting hover:shadow-input-destructive-hover focus-within:ring-destructive-border/15 focus-within:ring-4 h-14 rounded-2xl group relative items-end gap-0.5 mb-2 theme-universal:bg-input-bg theme-universal:border-(length:--ul-theme-border-input-border-weight) theme-universal:rounded-input theme-universal:text-(length:--ul-theme-font-body-text-size) theme-universal:font-body-text theme-universal:placeholder:text-input-labels theme-universal:[&_input]:placeholder:text-input-labels theme-universal:placeholder:text-(length:--ul-theme-font-input-labels-size) theme-universal:[&_input]:placeholder:text-(length:--ul-theme-font-input-labels-size) theme-universal:placeholder:font-input-label theme-universal:[&_input]:placeholder:font-input-label theme-universal:[&_label]:bg-input-bg theme-universal:[&_label]:text-(length:--ul-theme-font-input-labels-size) theme-universal:[&_label]:font-input-label theme-universal:text-error theme-universal:border-error theme-universal:focus-within:border-error theme-universal:focus-within:ring-0 theme-universal:[&_label]:text-error"
            >
              <label
                class="pointer-events-none absolute top-1/2 left-4 z-[10] -translate-y-1/2 text-sm transition-all duration-150 ease-in-out origin-left text-destructive-foreground"
                for="_r_f_-form-item"
                id="base-ui-_r_g_"
              >
                Enter CAPTCHA
              </label>
              <div
                class="relative flex-1"
              >
                <input
                  aria-labelledby="base-ui-_r_g_"
                  autocomplete="off"
                  class="h-14 w-full flex-1 rounded-2xl bg-transparent px-3 py-4 outline-none file:border-0 file:bg-transparent file:text-sm file:font-medium autofill:bg-transparent autofill:[-webkit-text-fill-color:inherit] autofill:[transition:background-color_9999s_ease-in-out_0s] pl-3 pr-3"
                  id="_r_f_-form-item"
                  name="captcha"
                  type="text"
                />
              </div>
            </div>
          </div>
        </div>
        <div
          aria-live="polite"
          class="flex mb-2 items-center text-sm font-medium theme-universal:text-error mt-1"
          role="alert"
        >
          <svg
            aria-hidden="true"
            class="lucide lucide-circle-alert h-4 w-4 mr-1 flex-shrink-0"
            fill="none"
            height="24"
            stroke="currentColor"
            stroke-linecap="round"
            stroke-linejoin="round"
            stroke-width="2"
            viewBox="0 0 24 24"
            width="24"
            xmlns="http://www.w3.org/2000/svg"
          >
            <circle
              cx="12"
              cy="12"
              r="10"
            />
            <line
              x1="12"
              x2="12"
              y1="8"
              y2="12"
            />
            <line
              x1="12"
              x2="12.01"
              y1="16"
              y2="16"
            />
          </svg>
          <p
            class="text-destructive text-sm theme-universal:text-error"
          >
            Test error
          </p>
        </div>
      </div>
    </div>
  </form>
</div>
`;
